
> jk-restaurant-pwa@0.0.0 build
> tsc -b && vite build

src/pages/Home.tsx(4,97): error TS6133: 'RefreshCw' is declared but its value is never read.
src/pages/Home.tsx(89,88): error TS6133: 'error' is declared but its value is never read.
